  InvestmentTracker.Domain -> D:\repo\2026\investment-tracker\src\InvestmentTracker.Domain\bin\Debug\net10.0\InvestmentTracker.Domain.dll
  InvestmentTracker.Infra -> D:\repo\2026\investment-tracker\src\InvestmentTracker.Infra\bin\Debug\net10.0\InvestmentTracker.Infra.dll
  InvestmentTracker.Api -> D:\repo\2026\investment-tracker\src\InvestmentTracker.Api\bin\Debug\net10.0\InvestmentTracker.Api.dll
D:\repo\2026\investment-tracker\tests\InvestmentTracker.Api.Tests\AssetsControllerTests.cs(9,38): error CS0246: El nombre del tipo o del espacio de nombres 'IClassFixture<>' no se encontr├│ (┬┐falta una directiva using o una referencia de ensamblado?) [D:\repo\2026\investment-tracker\tests\InvestmentTracker.Api.Tests\InvestmentTracker.Api.Tests.csproj]
D:\repo\2026\investment-tracker\tests\InvestmentTracker.Api.Tests\TagsControllerTests.cs(9,36): error CS0246: El nombre del tipo o del espacio de nombres 'IClassFixture<>' no se encontr├│ (┬┐falta una directiva using o una referencia de ensamblado?) [D:\repo\2026\investment-tracker\tests\InvestmentTracker.Api.Tests\InvestmentTracker.Api.Tests.csproj]
D:\repo\2026\investment-tracker\tests\InvestmentTracker.Api.Tests\AssetsControllerTests.cs(24,6): error CS0246: El nombre del tipo o del espacio de nombres 'FactAttribute' no se encontr├│ (┬┐falta una directiva using o una referencia de ensamblado?) [D:\repo\2026\investment-tracker\tests\InvestmentTracker.Api.Tests\InvestmentTracker.Api.Tests.csproj]
D:\repo\2026\investment-tracker\tests\InvestmentTracker.Api.Tests\AssetsControllerTests.cs(24,6): error CS0246: El nombre del tipo o del espacio de nombres 'Fact' no se encontr├│ (┬┐falta una directiva using o una referencia de ensamblado?) [D:\repo\2026\investment-tracker\tests\InvestmentTracker.Api.Tests\InvestmentTracker.Api.Tests.csproj]
D:\repo\2026\investment-tracker\tests\InvestmentTracker.Api.Tests\TagsControllerTests.cs(24,6): error CS0246: El nombre del tipo o del espacio de nombres 'FactAttribute' no se encontr├│ (┬┐falta una directiva using o una referencia de ensamblado?) [D:\repo\2026\investment-tracker\tests\InvestmentTracker.Api.Tests\InvestmentTracker.Api.Tests.csproj]
D:\repo\2026\investment-tracker\tests\InvestmentTracker.Api.Tests\TagsControllerTests.cs(24,6): error CS0246: El nombre del tipo o del espacio de nombres 'Fact' no se encontr├│ (┬┐falta una directiva using o una referencia de ensamblado?) [D:\repo\2026\investment-tracker\tests\InvestmentTracker.Api.Tests\InvestmentTracker.Api.Tests.csproj]
D:\repo\2026\investment-tracker\tests\InvestmentTracker.Api.Tests\AssetsControllerTests.cs(40,6): error CS0246: El nombre del tipo o del espacio de nombres 'FactAttribute' no se encontr├│ (┬┐falta una directiva using o una referencia de ensamblado?) [D:\repo\2026\investment-tracker\tests\InvestmentTracker.Api.Tests\InvestmentTracker.Api.Tests.csproj]
D:\repo\2026\investment-tracker\tests\InvestmentTracker.Api.Tests\AssetsControllerTests.cs(40,6): error CS0246: El nombre del tipo o del espacio de nombres 'Fact' no se encontr├│ (┬┐falta una directiva using o una referencia de ensamblado?) [D:\repo\2026\investment-tracker\tests\InvestmentTracker.Api.Tests\InvestmentTracker.Api.Tests.csproj]
D:\repo\2026\investment-tracker\tests\InvestmentTracker.Api.Tests\TagsControllerTests.cs(38,6): error CS0246: El nombre del tipo o del espacio de nombres 'FactAttribute' no se encontr├│ (┬┐falta una directiva using o una referencia de ensamblado?) [D:\repo\2026\investment-tracker\tests\InvestmentTracker.Api.Tests\InvestmentTracker.Api.Tests.csproj]
D:\repo\2026\investment-tracker\tests\InvestmentTracker.Api.Tests\TagsControllerTests.cs(38,6): error CS0246: El nombre del tipo o del espacio de nombres 'Fact' no se encontr├│ (┬┐falta una directiva using o una referencia de ensamblado?) [D:\repo\2026\investment-tracker\tests\InvestmentTracker.Api.Tests\InvestmentTracker.Api.Tests.csproj]
D:\repo\2026\investment-tracker\tests\InvestmentTracker.Api.Tests\AssetsControllerTests.cs(63,6): error CS0246: El nombre del tipo o del espacio de nombres 'FactAttribute' no se encontr├│ (┬┐falta una directiva using o una referencia de ensamblado?) [D:\repo\2026\investment-tracker\tests\InvestmentTracker.Api.Tests\InvestmentTracker.Api.Tests.csproj]
D:\repo\2026\investment-tracker\tests\InvestmentTracker.Api.Tests\AssetsControllerTests.cs(63,6): error CS0246: El nombre del tipo o del espacio de nombres 'Fact' no se encontr├│ (┬┐falta una directiva using o una referencia de ensamblado?) [D:\repo\2026\investment-tracker\tests\InvestmentTracker.Api.Tests\InvestmentTracker.Api.Tests.csproj]
D:\repo\2026\investment-tracker\tests\InvestmentTracker.Api.Tests\TagsControllerTests.cs(63,6): error CS0246: El nombre del tipo o del espacio de nombres 'FactAttribute' no se encontr├│ (┬┐falta una directiva using o una referencia de ensamblado?) [D:\repo\2026\investment-tracker\tests\InvestmentTracker.Api.Tests\InvestmentTracker.Api.Tests.csproj]
D:\repo\2026\investment-tracker\tests\InvestmentTracker.Api.Tests\TagsControllerTests.cs(63,6): error CS0246: El nombre del tipo o del espacio de nombres 'Fact' no se encontr├│ (┬┐falta una directiva using o una referencia de ensamblado?) [D:\repo\2026\investment-tracker\tests\InvestmentTracker.Api.Tests\InvestmentTracker.Api.Tests.csproj]
D:\repo\2026\investment-tracker\tests\InvestmentTracker.Api.Tests\AssetsControllerTests.cs(80,6): error CS0246: El nombre del tipo o del espacio de nombres 'FactAttribute' no se encontr├│ (┬┐falta una directiva using o una referencia de ensamblado?) [D:\repo\2026\investment-tracker\tests\InvestmentTracker.Api.Tests\InvestmentTracker.Api.Tests.csproj]
D:\repo\2026\investment-tracker\tests\InvestmentTracker.Api.Tests\AssetsControllerTests.cs(80,6): error CS0246: El nombre del tipo o del espacio de nombres 'Fact' no se encontr├│ (┬┐falta una directiva using o una referencia de ensamblado?) [D:\repo\2026\investment-tracker\tests\InvestmentTracker.Api.Tests\InvestmentTracker.Api.Tests.csproj]
D:\repo\2026\investment-tracker\tests\InvestmentTracker.Api.Tests\TagsControllerTests.cs(78,6): error CS0246: El nombre del tipo o del espacio de nombres 'FactAttribute' no se encontr├│ (┬┐falta una directiva using o una referencia de ensamblado?) [D:\repo\2026\investment-tracker\tests\InvestmentTracker.Api.Tests\InvestmentTracker.Api.Tests.csproj]
D:\repo\2026\investment-tracker\tests\InvestmentTracker.Api.Tests\TagsControllerTests.cs(78,6): error CS0246: El nombre del tipo o del espacio de nombres 'Fact' no se encontr├│ (┬┐falta una directiva using o una referencia de ensamblado?) [D:\repo\2026\investment-tracker\tests\InvestmentTracker.Api.Tests\InvestmentTracker.Api.Tests.csproj]
D:\repo\2026\investment-tracker\tests\InvestmentTracker.Api.Tests\AssetsControllerTests.cs(98,6): error CS0246: El nombre del tipo o del espacio de nombres 'FactAttribute' no se encontr├│ (┬┐falta una directiva using o una referencia de ensamblado?) [D:\repo\2026\investment-tracker\tests\InvestmentTracker.Api.Tests\InvestmentTracker.Api.Tests.csproj]
D:\repo\2026\investment-tracker\tests\InvestmentTracker.Api.Tests\AssetsControllerTests.cs(98,6): error CS0246: El nombre del tipo o del espacio de nombres 'Fact' no se encontr├│ (┬┐falta una directiva using o una referencia de ensamblado?) [D:\repo\2026\investment-tracker\tests\InvestmentTracker.Api.Tests\InvestmentTracker.Api.Tests.csproj]
D:\repo\2026\investment-tracker\tests\InvestmentTracker.Api.Tests\AssetsControllerTests.cs(112,6): error CS0246: El nombre del tipo o del espacio de nombres 'FactAttribute' no se encontr├│ (┬┐falta una directiva using o una referencia de ensamblado?) [D:\repo\2026\investment-tracker\tests\InvestmentTracker.Api.Tests\InvestmentTracker.Api.Tests.csproj]
D:\repo\2026\investment-tracker\tests\InvestmentTracker.Api.Tests\AssetsControllerTests.cs(112,6): error CS0246: El nombre del tipo o del espacio de nombres 'Fact' no se encontr├│ (┬┐falta una directiva using o una referencia de ensamblado?) [D:\repo\2026\investment-tracker\tests\InvestmentTracker.Api.Tests\InvestmentTracker.Api.Tests.csproj]
D:\repo\2026\investment-tracker\tests\InvestmentTracker.Api.Tests\AssetsControllerTests.cs(135,6): error CS0246: El nombre del tipo o del espacio de nombres 'FactAttribute' no se encontr├│ (┬┐falta una directiva using o una referencia de ensamblado?) [D:\repo\2026\investment-tracker\tests\InvestmentTracker.Api.Tests\InvestmentTracker.Api.Tests.csproj]
D:\repo\2026\investment-tracker\tests\InvestmentTracker.Api.Tests\AssetsControllerTests.cs(135,6): error CS0246: El nombre del tipo o del espacio de nombres 'Fact' no se encontr├│ (┬┐falta una directiva using o una referencia de ensamblado?) [D:\repo\2026\investment-tracker\tests\InvestmentTracker.Api.Tests\InvestmentTracker.Api.Tests.csproj]
D:\repo\2026\investment-tracker\tests\InvestmentTracker.Api.Tests\AssetsControllerTests.cs(158,6): error CS0246: El nombre del tipo o del espacio de nombres 'FactAttribute' no se encontr├│ (┬┐falta una directiva using o una referencia de ensamblado?) [D:\repo\2026\investment-tracker\tests\InvestmentTracker.Api.Tests\InvestmentTracker.Api.Tests.csproj]
D:\repo\2026\investment-tracker\tests\InvestmentTracker.Api.Tests\AssetsControllerTests.cs(158,6): error CS0246: El nombre del tipo o del espacio de nombres 'Fact' no se encontr├│ (┬┐falta una directiva using o una referencia de ensamblado?) [D:\repo\2026\investment-tracker\tests\InvestmentTracker.Api.Tests\InvestmentTracker.Api.Tests.csproj]
D:\repo\2026\investment-tracker\tests\InvestmentTracker.Api.Tests\AssetsControllerTests.cs(183,6): error CS0246: El nombre del tipo o del espacio de nombres 'FactAttribute' no se encontr├│ (┬┐falta una directiva using o una referencia de ensamblado?) [D:\repo\2026\investment-tracker\tests\InvestmentTracker.Api.Tests\InvestmentTracker.Api.Tests.csproj]
D:\repo\2026\investment-tracker\tests\InvestmentTracker.Api.Tests\AssetsControllerTests.cs(183,6): error CS0246: El nombre del tipo o del espacio de nombres 'Fact' no se encontr├│ (┬┐falta una directiva using o una referencia de ensamblado?) [D:\repo\2026\investment-tracker\tests\InvestmentTracker.Api.Tests\InvestmentTracker.Api.Tests.csproj]
D:\repo\2026\investment-tracker\tests\InvestmentTracker.Api.Tests\AssetsControllerTests.cs(209,6): error CS0246: El nombre del tipo o del espacio de nombres 'FactAttribute' no se encontr├│ (┬┐falta una directiva using o una referencia de ensamblado?) [D:\repo\2026\investment-tracker\tests\InvestmentTracker.Api.Tests\InvestmentTracker.Api.Tests.csproj]
D:\repo\2026\investment-tracker\tests\InvestmentTracker.Api.Tests\AssetsControllerTests.cs(209,6): error CS0246: El nombre del tipo o del espacio de nombres 'Fact' no se encontr├│ (┬┐falta una directiva using o una referencia de ensamblado?) [D:\repo\2026\investment-tracker\tests\InvestmentTracker.Api.Tests\InvestmentTracker.Api.Tests.csproj]
D:\repo\2026\investment-tracker\tests\InvestmentTracker.Api.Tests\AssetsControllerTests.cs(235,6): error CS0246: El nombre del tipo o del espacio de nombres 'FactAttribute' no se encontr├│ (┬┐falta una directiva using o una referencia de ensamblado?) [D:\repo\2026\investment-tracker\tests\InvestmentTracker.Api.Tests\InvestmentTracker.Api.Tests.csproj]
D:\repo\2026\investment-tracker\tests\InvestmentTracker.Api.Tests\AssetsControllerTests.cs(235,6): error CS0246: El nombre del tipo o del espacio de nombres 'Fact' no se encontr├│ (┬┐falta una directiva using o una referencia de ensamblado?) [D:\repo\2026\investment-tracker\tests\InvestmentTracker.Api.Tests\InvestmentTracker.Api.Tests.csproj]

ERROR al compilar.

D:\repo\2026\investment-tracker\tests\InvestmentTracker.Api.Tests\AssetsControllerTests.cs(9,38): error CS0246: El nombre del tipo o del espacio de nombres 'IClassFixture<>' no se encontr├│ (┬┐falta una directiva using o una referencia de ensamblado?) [D:\repo\2026\investment-tracker\tests\InvestmentTracker.Api.Tests\InvestmentTracker.Api.Tests.csproj]
D:\repo\2026\investment-tracker\tests\InvestmentTracker.Api.Tests\TagsControllerTests.cs(9,36): error CS0246: El nombre del tipo o del espacio de nombres 'IClassFixture<>' no se encontr├│ (┬┐falta una directiva using o una referencia de ensamblado?) [D:\repo\2026\investment-tracker\tests\InvestmentTracker.Api.Tests\InvestmentTracker.Api.Tests.csproj]
D:\repo\2026\investment-tracker\tests\InvestmentTracker.Api.Tests\AssetsControllerTests.cs(24,6): error CS0246: El nombre del tipo o del espacio de nombres 'FactAttribute' no se encontr├│ (┬┐falta una directiva using o una referencia de ensamblado?) [D:\repo\2026\investment-tracker\tests\InvestmentTracker.Api.Tests\InvestmentTracker.Api.Tests.csproj]
D:\repo\2026\investment-tracker\tests\InvestmentTracker.Api.Tests\AssetsControllerTests.cs(24,6): error CS0246: El nombre del tipo o del espacio de nombres 'Fact' no se encontr├│ (┬┐falta una directiva using o una referencia de ensamblado?) [D:\repo\2026\investment-tracker\tests\InvestmentTracker.Api.Tests\InvestmentTracker.Api.Tests.csproj]
D:\repo\2026\investment-tracker\tests\InvestmentTracker.Api.Tests\TagsControllerTests.cs(24,6): error CS0246: El nombre del tipo o del espacio de nombres 'FactAttribute' no se encontr├│ (┬┐falta una directiva using o una referencia de ensamblado?) [D:\repo\2026\investment-tracker\tests\InvestmentTracker.Api.Tests\InvestmentTracker.Api.Tests.csproj]
D:\repo\2026\investment-tracker\tests\InvestmentTracker.Api.Tests\TagsControllerTests.cs(24,6): error CS0246: El nombre del tipo o del espacio de nombres 'Fact' no se encontr├│ (┬┐falta una directiva using o una referencia de ensamblado?) [D:\repo\2026\investment-tracker\tests\InvestmentTracker.Api.Tests\InvestmentTracker.Api.Tests.csproj]
D:\repo\2026\investment-tracker\tests\InvestmentTracker.Api.Tests\AssetsControllerTests.cs(40,6): error CS0246: El nombre del tipo o del espacio de nombres 'FactAttribute' no se encontr├│ (┬┐falta una directiva using o una referencia de ensamblado?) [D:\repo\2026\investment-tracker\tests\InvestmentTracker.Api.Tests\InvestmentTracker.Api.Tests.csproj]
D:\repo\2026\investment-tracker\tests\InvestmentTracker.Api.Tests\AssetsControllerTests.cs(40,6): error CS0246: El nombre del tipo o del espacio de nombres 'Fact' no se encontr├│ (┬┐falta una directiva using o una referencia de ensamblado?) [D:\repo\2026\investment-tracker\tests\InvestmentTracker.Api.Tests\InvestmentTracker.Api.Tests.csproj]
D:\repo\2026\investment-tracker\tests\InvestmentTracker.Api.Tests\TagsControllerTests.cs(38,6): error CS0246: El nombre del tipo o del espacio de nombres 'FactAttribute' no se encontr├│ (┬┐falta una directiva using o una referencia de ensamblado?) [D:\repo\2026\investment-tracker\tests\InvestmentTracker.Api.Tests\InvestmentTracker.Api.Tests.csproj]
D:\repo\2026\investment-tracker\tests\InvestmentTracker.Api.Tests\TagsControllerTests.cs(38,6): error CS0246: El nombre del tipo o del espacio de nombres 'Fact' no se encontr├│ (┬┐falta una directiva using o una referencia de ensamblado?) [D:\repo\2026\investment-tracker\tests\InvestmentTracker.Api.Tests\InvestmentTracker.Api.Tests.csproj]
D:\repo\2026\investment-tracker\tests\InvestmentTracker.Api.Tests\AssetsControllerTests.cs(63,6): error CS0246: El nombre del tipo o del espacio de nombres 'FactAttribute' no se encontr├│ (┬┐falta una directiva using o una referencia de ensamblado?) [D:\repo\2026\investment-tracker\tests\InvestmentTracker.Api.Tests\InvestmentTracker.Api.Tests.csproj]
D:\repo\2026\investment-tracker\tests\InvestmentTracker.Api.Tests\AssetsControllerTests.cs(63,6): error CS0246: El nombre del tipo o del espacio de nombres 'Fact' no se encontr├│ (┬┐falta una directiva using o una referencia de ensamblado?) [D:\repo\2026\investment-tracker\tests\InvestmentTracker.Api.Tests\InvestmentTracker.Api.Tests.csproj]
D:\repo\2026\investment-tracker\tests\InvestmentTracker.Api.Tests\TagsControllerTests.cs(63,6): error CS0246: El nombre del tipo o del espacio de nombres 'FactAttribute' no se encontr├│ (┬┐falta una directiva using o una referencia de ensamblado?) [D:\repo\2026\investment-tracker\tests\InvestmentTracker.Api.Tests\InvestmentTracker.Api.Tests.csproj]
D:\repo\2026\investment-tracker\tests\InvestmentTracker.Api.Tests\TagsControllerTests.cs(63,6): error CS0246: El nombre del tipo o del espacio de nombres 'Fact' no se encontr├│ (┬┐falta una directiva using o una referencia de ensamblado?) [D:\repo\2026\investment-tracker\tests\InvestmentTracker.Api.Tests\InvestmentTracker.Api.Tests.csproj]
D:\repo\2026\investment-tracker\tests\InvestmentTracker.Api.Tests\AssetsControllerTests.cs(80,6): error CS0246: El nombre del tipo o del espacio de nombres 'FactAttribute' no se encontr├│ (┬┐falta una directiva using o una referencia de ensamblado?) [D:\repo\2026\investment-tracker\tests\InvestmentTracker.Api.Tests\InvestmentTracker.Api.Tests.csproj]
D:\repo\2026\investment-tracker\tests\InvestmentTracker.Api.Tests\AssetsControllerTests.cs(80,6): error CS0246: El nombre del tipo o del espacio de nombres 'Fact' no se encontr├│ (┬┐falta una directiva using o una referencia de ensamblado?) [D:\repo\2026\investment-tracker\tests\InvestmentTracker.Api.Tests\InvestmentTracker.Api.Tests.csproj]
D:\repo\2026\investment-tracker\tests\InvestmentTracker.Api.Tests\TagsControllerTests.cs(78,6): error CS0246: El nombre del tipo o del espacio de nombres 'FactAttribute' no se encontr├│ (┬┐falta una directiva using o una referencia de ensamblado?) [D:\repo\2026\investment-tracker\tests\InvestmentTracker.Api.Tests\InvestmentTracker.Api.Tests.csproj]
D:\repo\2026\investment-tracker\tests\InvestmentTracker.Api.Tests\TagsControllerTests.cs(78,6): error CS0246: El nombre del tipo o del espacio de nombres 'Fact' no se encontr├│ (┬┐falta una directiva using o una referencia de ensamblado?) [D:\repo\2026\investment-tracker\tests\InvestmentTracker.Api.Tests\InvestmentTracker.Api.Tests.csproj]
D:\repo\2026\investment-tracker\tests\InvestmentTracker.Api.Tests\AssetsControllerTests.cs(98,6): error CS0246: El nombre del tipo o del espacio de nombres 'FactAttribute' no se encontr├│ (┬┐falta una directiva using o una referencia de ensamblado?) [D:\repo\2026\investment-tracker\tests\InvestmentTracker.Api.Tests\InvestmentTracker.Api.Tests.csproj]
D:\repo\2026\investment-tracker\tests\InvestmentTracker.Api.Tests\AssetsControllerTests.cs(98,6): error CS0246: El nombre del tipo o del espacio de nombres 'Fact' no se encontr├│ (┬┐falta una directiva using o una referencia de ensamblado?) [D:\repo\2026\investment-tracker\tests\InvestmentTracker.Api.Tests\InvestmentTracker.Api.Tests.csproj]
D:\repo\2026\investment-tracker\tests\InvestmentTracker.Api.Tests\AssetsControllerTests.cs(112,6): error CS0246: El nombre del tipo o del espacio de nombres 'FactAttribute' no se encontr├│ (┬┐falta una directiva using o una referencia de ensamblado?) [D:\repo\2026\investment-tracker\tests\InvestmentTracker.Api.Tests\InvestmentTracker.Api.Tests.csproj]
D:\repo\2026\investment-tracker\tests\InvestmentTracker.Api.Tests\AssetsControllerTests.cs(112,6): error CS0246: El nombre del tipo o del espacio de nombres 'Fact' no se encontr├│ (┬┐falta una directiva using o una referencia de ensamblado?) [D:\repo\2026\investment-tracker\tests\InvestmentTracker.Api.Tests\InvestmentTracker.Api.Tests.csproj]
D:\repo\2026\investment-tracker\tests\InvestmentTracker.Api.Tests\AssetsControllerTests.cs(135,6): error CS0246: El nombre del tipo o del espacio de nombres 'FactAttribute' no se encontr├│ (┬┐falta una directiva using o una referencia de ensamblado?) [D:\repo\2026\investment-tracker\tests\InvestmentTracker.Api.Tests\InvestmentTracker.Api.Tests.csproj]
D:\repo\2026\investment-tracker\tests\InvestmentTracker.Api.Tests\AssetsControllerTests.cs(135,6): error CS0246: El nombre del tipo o del espacio de nombres 'Fact' no se encontr├│ (┬┐falta una directiva using o una referencia de ensamblado?) [D:\repo\2026\investment-tracker\tests\InvestmentTracker.Api.Tests\InvestmentTracker.Api.Tests.csproj]
D:\repo\2026\investment-tracker\tests\InvestmentTracker.Api.Tests\AssetsControllerTests.cs(158,6): error CS0246: El nombre del tipo o del espacio de nombres 'FactAttribute' no se encontr├│ (┬┐falta una directiva using o una referencia de ensamblado?) [D:\repo\2026\investment-tracker\tests\InvestmentTracker.Api.Tests\InvestmentTracker.Api.Tests.csproj]
D:\repo\2026\investment-tracker\tests\InvestmentTracker.Api.Tests\AssetsControllerTests.cs(158,6): error CS0246: El nombre del tipo o del espacio de nombres 'Fact' no se encontr├│ (┬┐falta una directiva using o una referencia de ensamblado?) [D:\repo\2026\investment-tracker\tests\InvestmentTracker.Api.Tests\InvestmentTracker.Api.Tests.csproj]
D:\repo\2026\investment-tracker\tests\InvestmentTracker.Api.Tests\AssetsControllerTests.cs(183,6): error CS0246: El nombre del tipo o del espacio de nombres 'FactAttribute' no se encontr├│ (┬┐falta una directiva using o una referencia de ensamblado?) [D:\repo\2026\investment-tracker\tests\InvestmentTracker.Api.Tests\InvestmentTracker.Api.Tests.csproj]
D:\repo\2026\investment-tracker\tests\InvestmentTracker.Api.Tests\AssetsControllerTests.cs(183,6): error CS0246: El nombre del tipo o del espacio de nombres 'Fact' no se encontr├│ (┬┐falta una directiva using o una referencia de ensamblado?) [D:\repo\2026\investment-tracker\tests\InvestmentTracker.Api.Tests\InvestmentTracker.Api.Tests.csproj]
D:\repo\2026\investment-tracker\tests\InvestmentTracker.Api.Tests\AssetsControllerTests.cs(209,6): error CS0246: El nombre del tipo o del espacio de nombres 'FactAttribute' no se encontr├│ (┬┐falta una directiva using o una referencia de ensamblado?) [D:\repo\2026\investment-tracker\tests\InvestmentTracker.Api.Tests\InvestmentTracker.Api.Tests.csproj]
D:\repo\2026\investment-tracker\tests\InvestmentTracker.Api.Tests\AssetsControllerTests.cs(209,6): error CS0246: El nombre del tipo o del espacio de nombres 'Fact' no se encontr├│ (┬┐falta una directiva using o una referencia de ensamblado?) [D:\repo\2026\investment-tracker\tests\InvestmentTracker.Api.Tests\InvestmentTracker.Api.Tests.csproj]
D:\repo\2026\investment-tracker\tests\InvestmentTracker.Api.Tests\AssetsControllerTests.cs(235,6): error CS0246: El nombre del tipo o del espacio de nombres 'FactAttribute' no se encontr├│ (┬┐falta una directiva using o una referencia de ensamblado?) [D:\repo\2026\investment-tracker\tests\InvestmentTracker.Api.Tests\InvestmentTracker.Api.Tests.csproj]
D:\repo\2026\investment-tracker\tests\InvestmentTracker.Api.Tests\AssetsControllerTests.cs(235,6): error CS0246: El nombre del tipo o del espacio de nombres 'Fact' no se encontr├│ (┬┐falta una directiva using o una referencia de ensamblado?) [D:\repo\2026\investment-tracker\tests\InvestmentTracker.Api.Tests\InvestmentTracker.Api.Tests.csproj]
    0 Advertencia(s)
    32 Errores

Tiempo transcurrido 00:00:02.52
