Serie de pruebas para D:\repo\2026\investment-tracker\tests\InvestmentTracker.Api.Tests\bin\Debug\net10.0\InvestmentTracker.Api.Tests.dll (.NETCoreApp,Version=v10.0)
Versi├│n 18.0.1 (x64) de VSTest

Iniciando la ejecuci├│n de pruebas, espere...
1 archivos de prueba en total coincidieron con el patr├│n especificado.
dotnet : [xUnit.net 00:00:02.67]     
InvestmentTracker.Api.Tests.PortfolioControllerTests.GetSummary_ReturnsCalculatedValues_WithData [FAIL]
En línea: 1 Carácter: 1
+ dotnet test tests/InvestmentTracker.Api.Tests/InvestmentTracker.Api.T ...
+ ~~~~~~~~~~~~~~~~~~~~~~~~~~~~~~~~~~~~~~~~~~~~~~~~~~~~~~~~~~~~~~~~~~~~~
    + CategoryInfo          : NotSpecified: ([xUnit.net 00:0...WithData [FAIL]:String) [], RemoteExcept 
   ion
    + FullyQualifiedErrorId : NativeCommandError
 
[xUnit.net 00:00:02.69]     
InvestmentTracker.Api.Tests.TagsControllerTests.Delete_ReturnsNoContent_WhenExists [FAIL]
[xUnit.net 00:00:02.69]     
InvestmentTracker.Api.Tests.AssetsControllerTests.Create_ReturnsBadRequest_WithInvalidAssetType [FAIL]
[xUnit.net 00:00:02.83]     InvestmentTracker.Api.Tests.TagsControllerTests.GetAll_ReturnsOk [FAIL]
[xUnit.net 00:00:02.83]     
InvestmentTracker.Api.Tests.AssetsControllerTests.Create_ReturnsCreated_WithValidAsset [FAIL]
[xUnit.net 00:00:02.83]     
InvestmentTracker.Api.Tests.PortfolioControllerTests.GetHistory_ReturnsPoints_WithDateRange [FAIL]
[xUnit.net 00:00:02.86]     
InvestmentTracker.Api.Tests.PortfolioControllerTests.GetAllocation_ReturnsOk [FAIL]
[xUnit.net 00:00:02.87]     
InvestmentTracker.Api.Tests.AssetsControllerTests.AddContribution_ReturnsCreated_WithValidContribution 
[FAIL]
[xUnit.net 00:00:02.87]     
InvestmentTracker.Api.Tests.TagsControllerTests.Create_ReturnsCreated_WithValidTag [FAIL]
  Con error InvestmentTracker.Api.Tests.TagsControllerTests.Delete_ReturnsNoContent_WhenExists [1 s]
  Mensaje de error:
   System.InvalidOperationException : Unable to find the required services. Please add all the required services by calling 'IServiceCollection.AddAuthorization' in the application startup code.
  Seguimiento de la pila:
     at Microsoft.AspNetCore.Builder.AuthorizationAppBuilderExtensions.VerifyServicesRegistered(IApplicationBuilder app)
   at Microsoft.AspNetCore.Builder.AuthorizationAppBuilderExtensions.UseAuthorization(IApplicationBuilder app)
   at Program.<Main>$(String[] args) in D:\repo\2026\investment-tracker\src\InvestmentTracker.Api\Program.cs:line 43
   at Program.<Main>(String[] args)
   at InvokeStub_Program.<Main>(Object, Object, IntPtr*)
   at System.Reflection.MethodBaseInvoker.InvokeDirectByRefWithFewArgs(Object obj, Span`1 copyOfArgs, BindingFlags invokeAttr)
--- End of stack trace from previous location ---
   at Microsoft.AspNetCore.Mvc.Testing.DeferredHostBuilder.DeferredHost.StartAsync(CancellationToken cancellationToken)
   at Microsoft.Extensions.Hosting.HostingAbstractionsHostExtensions.Start(IHost host)
   at Microsoft.AspNetCore.Mvc.Testing.WebApplicationFactory`1.CreateHost(IHostBuilder builder)
   at Microsoft.AspNetCore.Mvc.Testing.WebApplicationFactory`1.ConfigureHostBuilder(IHostBuilder hostBuilder)
   at Microsoft.AspNetCore.Mvc.Testing.WebApplicationFactory`1.StartServer()
   at Microsoft.AspNetCore.Mvc.Testing.WebApplicationFactory`1.CreateDefaultClient(DelegatingHandler[] handlers)
   at Microsoft.AspNetCore.Mvc.Testing.WebApplicationFactory`1.CreateDefaultClient(Uri baseAddress, DelegatingHandler[] handlers)
   at Microsoft.AspNetCore.Mvc.Testing.WebApplicationFactory`1.CreateClient(WebApplicationFactoryClientOptions options)
   at Microsoft.AspNetCore.Mvc.Testing.WebApplicationFactory`1.CreateClient()
   at InvestmentTracker.Api.Tests.TagsControllerTests..ctor(CustomWebApplicationFactory factory) in D:\repo\2026\investment-tracker\tests\InvestmentTracker.Api.Tests\TagsControllerTests.cs:line 20
   at System.Reflection.MethodBaseInvoker.InterpretedInvoke_Constructor(Object obj, IntPtr* args)
   at System.Reflection.MethodBaseInvoker.InvokeDirectByRefWithFewArgs(Object obj, Span`1 copyOfArgs, BindingFlags invokeAttr)
  Con error InvestmentTracker.Api.Tests.AssetsControllerTests.Create_ReturnsBadRequest_WithInvalidAssetType [1 s]
  Mensaje de error:
   System.InvalidOperationException : Unable to find the required services. Please add all the required services by calling 'IServiceCollection.AddAuthorization' in the application startup code.
  Seguimiento de la pila:
     at Microsoft.AspNetCore.Builder.AuthorizationAppBuilderExtensions.VerifyServicesRegistered(IApplicationBuilder app)
   at Microsoft.AspNetCore.Builder.AuthorizationAppBuilderExtensions.UseAuthorization(IApplicationBuilder app)
   at Program.<Main>$(String[] args) in D:\repo\2026\investment-tracker\src\InvestmentTracker.Api\Program.cs:line 43
   at Program.<Main>(String[] args)
   at System.Reflection.MethodBaseInvoker.InterpretedInvoke_Method(Object obj, IntPtr* args)
   at System.Reflection.MethodBaseInvoker.InvokeDirectByRefWithFewArgs(Object obj, Span`1 copyOfArgs, BindingFlags invokeAttr)
--- End of stack trace from previous location ---
   at Microsoft.AspNetCore.Mvc.Testing.DeferredHostBuilder.DeferredHost.StartAsync(CancellationToken cancellationToken)
   at Microsoft.Extensions.Hosting.HostingAbstractionsHostExtensions.Start(IHost host)
   at Microsoft.AspNetCore.Mvc.Testing.WebApplicationFactory`1.CreateHost(IHostBuilder builder)
   at Microsoft.AspNetCore.Mvc.Testing.WebApplicationFactory`1.ConfigureHostBuilder(IHostBuilder hostBuilder)
   at Microsoft.AspNetCore.Mvc.Testing.WebApplicationFactory`1.StartServer()
   at Microsoft.AspNetCore.Mvc.Testing.WebApplicationFactory`1.CreateDefaultClient(DelegatingHandler[] handlers)
   at Microsoft.AspNetCore.Mvc.Testing.WebApplicationFactory`1.CreateDefaultClient(Uri baseAddress, DelegatingHandler[] handlers)
   at Microsoft.AspNetCore.Mvc.Testing.WebApplicationFactory`1.CreateClient(WebApplicationFactoryClientOptions options)
   at Microsoft.AspNetCore.Mvc.Testing.WebApplicationFactory`1.CreateClient()
   at InvestmentTracker.Api.Tests.AssetsControllerTests..ctor(CustomWebApplicationFactory factory) in D:\repo\2026\investment-tracker\tests\InvestmentTracker.Api.Tests\AssetsControllerTests.cs:line 20
   at System.Reflection.MethodBaseInvoker.InterpretedInvoke_Constructor(Object obj, IntPtr* args)
   at System.Reflection.MethodBaseInvoker.InvokeDirectByRefWithFewArgs(Object obj, Span`1 copyOfArgs, BindingFlags invokeAttr)
  Con error InvestmentTracker.Api.Tests.PortfolioControllerTests.GetSummary_ReturnsCalculatedValues_WithData [1 s]
  Mensaje de error:
   System.InvalidOperationException : Unable to find the required services. Please add all the required services by calling 'IServiceCollection.AddAuthorization' in the application startup code.
  Seguimiento de la pila:
     at Microsoft.AspNetCore.Builder.AuthorizationAppBuilderExtensions.VerifyServicesRegistered(IApplicationBuilder app)
   at Microsoft.AspNetCore.Builder.AuthorizationAppBuilderExtensions.UseAuthorization(IApplicationBuilder app)
   at Program.<Main>$(String[] args) in D:\repo\2026\investment-tracker\src\InvestmentTracker.Api\Program.cs:line 43
   at Program.<Main>(String[] args)
   at InvokeStub_Program.<Main>(Object, Object, IntPtr*)
   at System.Reflection.MethodBaseInvoker.InvokeDirectByRefWithFewArgs(Object obj, Span`1 copyOfArgs, BindingFlags invokeAttr)
--- End of stack trace from previous location ---
   at Microsoft.AspNetCore.Mvc.Testing.DeferredHostBuilder.DeferredHost.StartAsync(CancellationToken cancellationToken)
   at Microsoft.Extensions.Hosting.HostingAbstractionsHostExtensions.Start(IHost host)
   at Microsoft.AspNetCore.Mvc.Testing.WebApplicationFactory`1.CreateHost(IHostBuilder builder)
   at Microsoft.AspNetCore.Mvc.Testing.WebApplicationFactory`1.ConfigureHostBuilder(IHostBuilder hostBuilder)
   at Microsoft.AspNetCore.Mvc.Testing.WebApplicationFactory`1.StartServer()
   at Microsoft.AspNetCore.Mvc.Testing.WebApplicationFactory`1.CreateDefaultClient(DelegatingHandler[] handlers)
   at Microsoft.AspNetCore.Mvc.Testing.WebApplicationFactory`1.CreateDefaultClient(Uri baseAddress, DelegatingHandler[] handlers)
   at Microsoft.AspNetCore.Mvc.Testing.WebApplicationFactory`1.CreateClient(WebApplicationFactoryClientOptions options)
   at Microsoft.AspNetCore.Mvc.Testing.WebApplicationFactory`1.CreateClient()
   at InvestmentTracker.Api.Tests.PortfolioControllerTests..ctor(CustomWebApplicationFactory factory) in D:\repo\2026\investment-tracker\tests\InvestmentTracker.Api.Tests\PortfolioControllerTests.cs:line 24
   at System.Reflection.MethodBaseInvoker.InterpretedInvoke_Constructor(Object obj, IntPtr* args)
   at System.Reflection.MethodBaseInvoker.InvokeDirectByRefWithFewArgs(Object obj, Span`1 copyOfArgs, BindingFlags invokeAttr)
  Con error InvestmentTracker.Api.Tests.TagsControllerTests.GetAll_ReturnsOk [156 ms]
  Mensaje de error:
   System.InvalidOperationException : Unable to find the required services. Please add all the required services by calling 'IServiceCollection.AddAuthorization' in the application startup code.
  Seguimiento de la pila:
     at Microsoft.AspNetCore.Builder.AuthorizationAppBuilderExtensions.VerifyServicesRegistered(IApplicationBuilder app)
   at Microsoft.AspNetCore.Builder.AuthorizationAppBuilderExtensions.UseAuthorization(IApplicationBuilder app)
   at Program.<Main>$(String[] args) in D:\repo\2026\investment-tracker\src\InvestmentTracker.Api\Program.cs:line 43
   at Program.<Main>(String[] args)
   at InvokeStub_Program.<Main>(Object, Span`1)
   at System.Reflection.MethodBaseInvoker.InvokeWithOneArg(Object obj, BindingFlags invokeAttr, Binder binder, Object[] parameters, CultureInfo culture)
--- End of stack trace from previous location ---
   at Microsoft.AspNetCore.Mvc.Testing.DeferredHostBuilder.DeferredHost.StartAsync(CancellationToken cancellationToken)
   at Microsoft.Extensions.Hosting.HostingAbstractionsHostExtensions.Start(IHost host)
   at Microsoft.AspNetCore.Mvc.Testing.WebApplicationFactory`1.CreateHost(IHostBuilder builder)
   at Microsoft.AspNetCore.Mvc.Testing.WebApplicationFactory`1.ConfigureHostBuilder(IHostBuilder hostBuilder)
   at Microsoft.AspNetCore.Mvc.Testing.WebApplicationFactory`1.StartServer()
   at Microsoft.AspNetCore.Mvc.Testing.WebApplicationFactory`1.CreateDefaultClient(DelegatingHandler[] handlers)
   at Microsoft.AspNetCore.Mvc.Testing.WebApplicationFactory`1.CreateDefaultClient(Uri baseAddress, DelegatingHandler[] handlers)
   at Microsoft.AspNetCore.Mvc.Testing.WebApplicationFactory`1.CreateClient(WebApplicationFactoryClientOptions options)
   at Microsoft.AspNetCore.Mvc.Testing.WebApplicationFactory`1.CreateClient()
   at InvestmentTracker.Api.Tests.TagsControllerTests..ctor(CustomWebApplicationFactory factory) in D:\repo\2026\investment-tracker\tests\InvestmentTracker.Api.Tests\TagsControllerTests.cs:line 20
   at InvokeStub_TagsControllerTests..ctor(Object, Span`1)
   at System.Reflection.MethodBaseInvoker.InvokeWithOneArg(Object obj, BindingFlags invokeAttr, Binder binder, Object[] parameters, CultureInfo culture)
  Con error InvestmentTracker.Api.Tests.AssetsControllerTests.Create_ReturnsCreated_WithValidAsset [157 ms]
  Mensaje de error:
   System.InvalidOperationException : Unable to find the required services. Please add all the required services by calling 'IServiceCollection.AddAuthorization' in the application startup code.
  Seguimiento de la pila:
     at Microsoft.AspNetCore.Builder.AuthorizationAppBuilderExtensions.VerifyServicesRegistered(IApplicationBuilder app)
   at Microsoft.AspNetCore.Builder.AuthorizationAppBuilderExtensions.UseAuthorization(IApplicationBuilder app)
   at Program.<Main>$(String[] args) in D:\repo\2026\investment-tracker\src\InvestmentTracker.Api\Program.cs:line 43
   at Program.<Main>(String[] args)
   at InvokeStub_Program.<Main>(Object, Span`1)
   at System.Reflection.MethodBaseInvoker.InvokeWithOneArg(Object obj, BindingFlags invokeAttr, Binder binder, Object[] parameters, CultureInfo culture)
--- End of stack trace from previous location ---
   at Microsoft.AspNetCore.Mvc.Testing.DeferredHostBuilder.DeferredHost.StartAsync(CancellationToken cancellationToken)
   at Microsoft.Extensions.Hosting.HostingAbstractionsHostExtensions.Start(IHost host)
   at Microsoft.AspNetCore.Mvc.Testing.WebApplicationFactory`1.CreateHost(IHostBuilder builder)
   at Microsoft.AspNetCore.Mvc.Testing.WebApplicationFactory`1.ConfigureHostBuilder(IHostBuilder hostBuilder)
   at Microsoft.AspNetCore.Mvc.Testing.WebApplicationFactory`1.StartServer()
   at Microsoft.AspNetCore.Mvc.Testing.WebApplicationFactory`1.CreateDefaultClient(DelegatingHandler[] handlers)
   at Microsoft.AspNetCore.Mvc.Testing.WebApplicationFactory`1.CreateDefaultClient(Uri baseAddress, DelegatingHandler[] handlers)
   at Microsoft.AspNetCore.Mvc.Testing.WebApplicationFactory`1.CreateClient(WebApplicationFactoryClientOptions options)
   at Microsoft.AspNetCore.Mvc.Testing.WebApplicationFactory`1.CreateClient()
   at InvestmentTracker.Api.Tests.AssetsControllerTests..ctor(CustomWebApplicationFactory factory) in D:\repo\2026\investment-tracker\tests\InvestmentTracker.Api.Tests\AssetsControllerTests.cs:line 20
   at InvokeStub_AssetsControllerTests..ctor(Object, Span`1)
   at System.Reflection.MethodBaseInvoker.InvokeWithOneArg(Object obj, BindingFlags invokeAttr, Binder binder, Object[] parameters, CultureInfo culture)
  Con error InvestmentTracker.Api.Tests.PortfolioControllerTests.GetHistory_ReturnsPoints_WithDateRange [158 ms]
  Mensaje de error:
   System.InvalidOperationException : Unable to find the required services. Please add all the required services by calling 'IServiceCollection.AddAuthorization' in the application startup code.
  Seguimiento de la pila:
     at Microsoft.AspNetCore.Builder.AuthorizationAppBuilderExtensions.VerifyServicesRegistered(IApplicationBuilder app)
   at Microsoft.AspNetCore.Builder.AuthorizationAppBuilderExtensions.UseAuthorization(IApplicationBuilder app)
   at Program.<Main>$(String[] args) in D:\repo\2026\investment-tracker\src\InvestmentTracker.Api\Program.cs:line 43
   at Program.<Main>(String[] args)
   at InvokeStub_Program.<Main>(Object, Span`1)
   at System.Reflection.MethodBaseInvoker.InvokeWithOneArg(Object obj, BindingFlags invokeAttr, Binder binder, Object[] parameters, CultureInfo culture)
--- End of stack trace from previous location ---
   at Microsoft.AspNetCore.Mvc.Testing.DeferredHostBuilder.DeferredHost.StartAsync(CancellationToken cancellationToken)
   at Microsoft.Extensions.Hosting.HostingAbstractionsHostExtensions.Start(IHost host)
   at Microsoft.AspNetCore.Mvc.Testing.WebApplicationFactory`1.CreateHost(IHostBuilder builder)
   at Microsoft.AspNetCore.Mvc.Testing.WebApplicationFactory`1.ConfigureHostBuilder(IHostBuilder hostBuilder)
   at Microsoft.AspNetCore.Mvc.Testing.WebApplicationFactory`1.StartServer()
   at Microsoft.AspNetCore.Mvc.Testing.WebApplicationFactory`1.CreateDefaultClient(DelegatingHandler[] handlers)
   at Microsoft.AspNetCore.Mvc.Testing.WebApplicationFactory`1.CreateDefaultClient(Uri baseAddress, DelegatingHandler[] handlers)
   at Microsoft.AspNetCore.Mvc.Testing.WebApplicationFactory`1.CreateClient(WebApplicationFactoryClientOptions options)
   at Microsoft.AspNetCore.Mvc.Testing.WebApplicationFactory`1.CreateClient()
   at InvestmentTracker.Api.Tests.PortfolioControllerTests..ctor(CustomWebApplicationFactory factory) in D:\repo\2026\investment-tracker\tests\InvestmentTracker.Api.Tests\PortfolioControllerTests.cs:line 24
   at InvokeStub_PortfolioControllerTests..ctor(Object, Span`1)
   at System.Reflection.MethodBaseInvoker.InvokeWithOneArg(Object obj, BindingFlags invokeAttr, Binder binder, Object[] parameters, CultureInfo culture)
  Con error InvestmentTracker.Api.Tests.PortfolioControllerTests.GetAllocation_ReturnsOk [33 ms]
  Mensaje de error:
   System.InvalidOperationException : Unable to find the required services. Please add all the required services by calling 'IServiceCollection.AddAuthorization' in the application startup code.
  Seguimiento de la pila:
     at Microsoft.AspNetCore.Builder.AuthorizationAppBuilderExtensions.VerifyServicesRegistered(IApplicationBuilder app)
   at Microsoft.AspNetCore.Builder.AuthorizationAppBuilderExtensions.UseAuthorization(IApplicationBuilder app)
   at Program.<Main>$(String[] args) in D:\repo\2026\investment-tracker\src\InvestmentTracker.Api\Program.cs:line 43
   at Program.<Main>(String[] args)
   at InvokeStub_Program.<Main>(Object, Span`1)
   at System.Reflection.MethodBaseInvoker.InvokeWithOneArg(Object obj, BindingFlags invokeAttr, Binder binder, Object[] parameters, CultureInfo culture)
--- End of stack trace from previous location ---
   at Microsoft.AspNetCore.Mvc.Testing.DeferredHostBuilder.DeferredHost.StartAsync(CancellationToken cancellationToken)
   at Microsoft.Extensions.Hosting.HostingAbstractionsHostExtensions.Start(IHost host)
   at Microsoft.AspNetCore.Mvc.Testing.WebApplicationFactory`1.CreateHost(IHostBuilder builder)
   at Microsoft.AspNetCore.Mvc.Testing.WebApplicationFactory`1.ConfigureHostBuilder(IHostBuilder hostBuilder)
   at Microsoft.AspNetCore.Mvc.Testing.WebApplicationFactory`1.StartServer()
   at Microsoft.AspNetCore.Mvc.Testing.WebApplicationFactory`1.CreateDefaultClient(DelegatingHandler[] handlers)
   at Microsoft.AspNetCore.Mvc.Testing.WebApplicationFactory`1.CreateDefaultClient(Uri baseAddress, DelegatingHandler[] handlers)
   at Microsoft.AspNetCore.Mvc.Testing.WebApplicationFactory`1.CreateClient(WebApplicationFactoryClientOptions options)
   at Microsoft.AspNetCore.Mvc.Testing.WebApplicationFactory`1.CreateClient()
   at InvestmentTracker.Api.Tests.PortfolioControllerTests..ctor(CustomWebApplicationFactory factory) in D:\repo\2026\investment-tracker\tests\InvestmentTracker.Api.Tests\PortfolioControllerTests.cs:line 24
   at InvokeStub_PortfolioControllerTests..ctor(Object, Span`1)
   at System.Reflection.MethodBaseInvoker.InvokeWithOneArg(Object obj, BindingFlags invokeAttr, Binder binder, Object[] parameters, CultureInfo culture)
  Con error InvestmentTracker.Api.Tests.AssetsControllerTests.AddContribution_ReturnsCreated_WithValidContribution [35 ms]
  Mensaje de error:
   System.InvalidOperationException : Unable to find the required services. Please add all the required services by calling 'IServiceCollection.AddAuthorization' in the application startup code.
  Seguimiento de la pila:
     at Microsoft.AspNetCore.Builder.AuthorizationAppBuilderExtensions.VerifyServicesRegistered(IApplicationBuilder app)
   at Microsoft.AspNetCore.Builder.AuthorizationAppBuilderExtensions.UseAuthorization(IApplicationBuilder app)
   at Program.<Main>$(String[] args) in D:\repo\2026\investment-tracker\src\InvestmentTracker.Api\Program.cs:line 43
   at Program.<Main>(String[] args)
   at InvokeStub_Program.<Main>(Object, Span`1)
   at System.Reflection.MethodBaseInvoker.InvokeWithOneArg(Object obj, BindingFlags invokeAttr, Binder binder, Object[] parameters, CultureInfo culture)
--- End of stack trace from previous location ---
   at Microsoft.AspNetCore.Mvc.Testing.DeferredHostBuilder.DeferredHost.StartAsync(CancellationToken cancellationToken)
   at Microsoft.Extensions.Hosting.HostingAbstractionsHostExtensions.Start(IHost host)
   at Microsoft.AspNetCore.Mvc.Testing.WebApplicationFactory`1.CreateHost(IHostBuilder builder)
   at Microsoft.AspNetCore.Mvc.Testing.WebApplicationFactory`1.ConfigureHostBuilder(IHostBuilder hostBuilder)
   at Microsoft.AspNetCore.Mvc.Testing.WebApplicationFactory`1.StartServer()
   at Microsoft.AspNetCore.Mvc.Testing.WebApplicationFactory`1.CreateDefaultClient(DelegatingHandler[] handlers)
   at Microsoft.AspNetCore.Mvc.Testing.WebApplicationFactory`1.CreateDefaultClient(Uri baseAddress, DelegatingHandler[] handlers)
   at Microsoft.AspNetCore.Mvc.Testing.WebApplicationFactory`1.CreateClient(WebApplicationFactoryClientOptions options)
   at Microsoft.AspNetCore.Mvc.Testing.WebApplicationFactory`1.CreateClient()
   at InvestmentTracker.Api.Tests.AssetsControllerTests..ctor(CustomWebApplicationFactory factory) in D:\repo\2026\investment-tracker\tests\InvestmentTracker.Api.Tests\AssetsControllerTests.cs:line 20
   at InvokeStub_AssetsControllerTests..ctor(Object, Span`1)
   at System.Reflection.MethodBaseInvoker.InvokeWithOneArg(Object obj, BindingFlags invokeAttr, Binder binder, Object[] parameters, CultureInfo culture)
  Con error InvestmentTracker.Api.Tests.TagsControllerTests.Create_ReturnsCreated_WithValidTag [35 ms]
  Mensaje de error:
   System.InvalidOperationException : Unable to find the required services. Please add all the required services by calling 'IServiceCollection.AddAuthorization' in the application startup code.
  Seguimiento de la pila:
     at Microsoft.AspNetCore.Builder.AuthorizationAppBuilderExtensions.VerifyServicesRegistered(IApplicationBuilder app)
   at Microsoft.AspNetCore.Builder.AuthorizationAppBuilderExtensions.UseAuthorization(IApplicationBuilder app)
   at Program.<Main>$(String[] args) in D:\repo\2026\investment-tracker\src\InvestmentTracker.Api\Program.cs:line 43
   at Program.<Main>(String[] args)
   at InvokeStub_Program.<Main>(Object, Span`1)
   at System.Reflection.MethodBaseInvoker.InvokeWithOneArg(Object obj, BindingFlags invokeAttr, Binder binder, Object[] parameters, CultureInfo culture)
--- End of stack trace from previous location ---
   at Microsoft.AspNetCore.Mvc.Testing.DeferredHostBuilder.DeferredHost.StartAsync(CancellationToken cancellationToken)
   at Microsoft.Extensions.Hosting.HostingAbstractionsHostExtensions.Start(IHost host)
   at Microsoft.AspNetCore.Mvc.Testing.WebApplicationFactory`1.CreateHost(IHostBuilder builder)
   at Microsoft.AspNetCore.Mvc.Testing.WebApplicationFactory`1.ConfigureHostBuilder(IHostBuilder hostBuilder)
   at Microsoft.AspNetCore.Mvc.Testing.WebApplicationFactory`1.StartServer()
   at Microsoft.AspNetCore.Mvc.Testing.WebApplicationFactory`1.CreateDefaultClient(DelegatingHandler[] handlers)
   at Microsoft.AspNetCore.Mvc.Testing.WebApplicationFactory`1.CreateDefaultClient(Uri baseAddress, DelegatingHandler[] handlers)
   at Microsoft.AspNetCore.Mvc.Testing.WebApplicationFactory`1.CreateClient(WebApplicationFactoryClientOptions options)
   at Microsoft.AspNetCore.Mvc.Testing.WebApplicationFactory`1.CreateClient()
   at InvestmentTracker.Api.Tests.TagsControllerTests..ctor(CustomWebApplicationFactory factory) in D:\repo\2026\investment-tracker\tests\InvestmentTracker.Api.Tests\TagsControllerTests.cs:line 20
   at InvokeStub_TagsControllerTests..ctor(Object, Span`1)
   at System.Reflection.MethodBaseInvoker.InvokeWithOneArg(Object obj, BindingFlags invokeAttr, Binder binder, Object[] parameters, CultureInfo culture)
[xUnit.net 00:00:02.89]     
InvestmentTracker.Api.Tests.TagsControllerTests.Delete_ReturnsNotFound_WhenDoesNotExist [FAIL]
[xUnit.net 00:00:02.90]     
InvestmentTracker.Api.Tests.PortfolioControllerTests.GetReturns_AcceptsAsOfDate [FAIL]
[xUnit.net 00:00:02.90]     
InvestmentTracker.Api.Tests.AssetsControllerTests.GetById_ReturnsAsset_WhenExists [FAIL]
[xUnit.net 00:00:02.91]     InvestmentTracker.Api.Tests.PortfolioControllerTests.GetHistory_ReturnsOk 
[FAIL]
[xUnit.net 00:00:02.92]     
InvestmentTracker.Api.Tests.AssetsControllerTests.Delete_ReturnsNoContent_WhenExists [FAIL]
[xUnit.net 00:00:02.94]     
InvestmentTracker.Api.Tests.AssetsControllerTests.GetAll_ReturnsEmptyList_WhenNoAssets [FAIL]
[xUnit.net 00:00:02.94]     
InvestmentTracker.Api.Tests.PortfolioControllerTests.GetSummary_ReturnsOk_WhenEmpty [FAIL]
[xUnit.net 00:00:02.96]     
InvestmentTracker.Api.Tests.AssetsControllerTests.GetContributions_ReturnsContributions_AfterAdding 
[FAIL]
  Con error InvestmentTracker.Api.Tests.TagsControllerTests.Delete_ReturnsNotFound_WhenDoesNotExist [16 ms]
  Mensaje de error:
   System.InvalidOperationException : Unable to find the required services. Please add all the required services by calling 'IServiceCollection.AddAuthorization' in the application startup code.
  Seguimiento de la pila:
     at Microsoft.AspNetCore.Builder.AuthorizationAppBuilderExtensions.VerifyServicesRegistered(IApplicationBuilder app)
   at Microsoft.AspNetCore.Builder.AuthorizationAppBuilderExtensions.UseAuthorization(IApplicationBuilder app)
   at Program.<Main>$(String[] args) in D:\repo\2026\investment-tracker\src\InvestmentTracker.Api\Program.cs:line 43
   at Program.<Main>(String[] args)
   at InvokeStub_Program.<Main>(Object, Span`1)
   at System.Reflection.MethodBaseInvoker.InvokeWithOneArg(Object obj, BindingFlags invokeAttr, Binder binder, Object[] parameters, CultureInfo culture)
--- End of stack trace from previous location ---
   at Microsoft.AspNetCore.Mvc.Testing.DeferredHostBuilder.DeferredHost.StartAsync(CancellationToken cancellationToken)
   at Microsoft.Extensions.Hosting.HostingAbstractionsHostExtensions.Start(IHost host)
   at Microsoft.AspNetCore.Mvc.Testing.WebApplicationFactory`1.CreateHost(IHostBuilder builder)
   at Microsoft.AspNetCore.Mvc.Testing.WebApplicationFactory`1.ConfigureHostBuilder(IHostBuilder hostBuilder)
   at Microsoft.AspNetCore.Mvc.Testing.WebApplicationFactory`1.StartServer()
   at Microsoft.AspNetCore.Mvc.Testing.WebApplicationFactory`1.CreateDefaultClient(DelegatingHandler[] handlers)
   at Microsoft.AspNetCore.Mvc.Testing.WebApplicationFactory`1.CreateDefaultClient(Uri baseAddress, DelegatingHandler[] handlers)
   at Microsoft.AspNetCore.Mvc.Testing.WebApplicationFactory`1.CreateClient(WebApplicationFactoryClientOptions options)
   at Microsoft.AspNetCore.Mvc.Testing.WebApplicationFactory`1.CreateClient()
   at InvestmentTracker.Api.Tests.TagsControllerTests..ctor(CustomWebApplicationFactory factory) in D:\repo\2026\investment-tracker\tests\InvestmentTracker.Api.Tests\TagsControllerTests.cs:line 20
   at InvokeStub_TagsControllerTests..ctor(Object, Span`1)
   at System.Reflection.MethodBaseInvoker.InvokeWithOneArg(Object obj, BindingFlags invokeAttr, Binder binder, Object[] parameters, CultureInfo culture)
  Con error InvestmentTracker.Api.Tests.PortfolioControllerTests.GetReturns_AcceptsAsOfDate [20 ms]
  Mensaje de error:
   System.InvalidOperationException : Unable to find the required services. Please add all the required services by calling 'IServiceCollection.AddAuthorization' in the application startup code.
  Seguimiento de la pila:
     at Microsoft.AspNetCore.Builder.AuthorizationAppBuilderExtensions.VerifyServicesRegistered(IApplicationBuilder app)
   at Microsoft.AspNetCore.Builder.AuthorizationAppBuilderExtensions.UseAuthorization(IApplicationBuilder app)
   at Program.<Main>$(String[] args) in D:\repo\2026\investment-tracker\src\InvestmentTracker.Api\Program.cs:line 43
   at Program.<Main>(String[] args)
   at InvokeStub_Program.<Main>(Object, Span`1)
   at System.Reflection.MethodBaseInvoker.InvokeWithOneArg(Object obj, BindingFlags invokeAttr, Binder binder, Object[] parameters, CultureInfo culture)
--- End of stack trace from previous location ---
   at Microsoft.AspNetCore.Mvc.Testing.DeferredHostBuilder.DeferredHost.StartAsync(CancellationToken cancellationToken)
   at Microsoft.Extensions.Hosting.HostingAbstractionsHostExtensions.Start(IHost host)
   at Microsoft.AspNetCore.Mvc.Testing.WebApplicationFactory`1.CreateHost(IHostBuilder builder)
   at Microsoft.AspNetCore.Mvc.Testing.WebApplicationFactory`1.ConfigureHostBuilder(IHostBuilder hostBuilder)
   at Microsoft.AspNetCore.Mvc.Testing.WebApplicationFactory`1.StartServer()
   at Microsoft.AspNetCore.Mvc.Testing.WebApplicationFactory`1.CreateDefaultClient(DelegatingHandler[] handlers)
   at Microsoft.AspNetCore.Mvc.Testing.WebApplicationFactory`1.CreateDefaultClient(Uri baseAddress, DelegatingHandler[] handlers)
   at Microsoft.AspNetCore.Mvc.Testing.WebApplicationFactory`1.CreateClient(WebApplicationFactoryClientOptions options)
   at Microsoft.AspNetCore.Mvc.Testing.WebApplicationFactory`1.CreateClient()
   at InvestmentTracker.Api.Tests.PortfolioControllerTests..ctor(CustomWebApplicationFactory factory) in D:\repo\2026\investment-tracker\tests\InvestmentTracker.Api.Tests\PortfolioControllerTests.cs:line 24
   at InvokeStub_PortfolioControllerTests..ctor(Object, Span`1)
   at System.Reflection.MethodBaseInvoker.InvokeWithOneArg(Object obj, BindingFlags invokeAttr, Binder binder, Object[] parameters, CultureInfo culture)
  Con error InvestmentTracker.Api.Tests.AssetsControllerTests.GetById_ReturnsAsset_WhenExists [20 ms]
  Mensaje de error:
   System.InvalidOperationException : Unable to find the required services. Please add all the required services by calling 'IServiceCollection.AddAuthorization' in the application startup code.
  Seguimiento de la pila:
     at Microsoft.AspNetCore.Builder.AuthorizationAppBuilderExtensions.VerifyServicesRegistered(IApplicationBuilder app)
   at Microsoft.AspNetCore.Builder.AuthorizationAppBuilderExtensions.UseAuthorization(IApplicationBuilder app)
   at Program.<Main>$(String[] args) in D:\repo\2026\investment-tracker\src\InvestmentTracker.Api\Program.cs:line 43
   at Program.<Main>(String[] args)
   at InvokeStub_Program.<Main>(Object, Span`1)
   at System.Reflection.MethodBaseInvoker.InvokeWithOneArg(Object obj, BindingFlags invokeAttr, Binder binder, Object[] parameters, CultureInfo culture)
--- End of stack trace from previous location ---
   at Microsoft.AspNetCore.Mvc.Testing.DeferredHostBuilder.DeferredHost.StartAsync(CancellationToken cancellationToken)
   at Microsoft.Extensions.Hosting.HostingAbstractionsHostExtensions.Start(IHost host)
   at Microsoft.AspNetCore.Mvc.Testing.WebApplicationFactory`1.CreateHost(IHostBuilder builder)
   at Microsoft.AspNetCore.Mvc.Testing.WebApplicationFactory`1.ConfigureHostBuilder(IHostBuilder hostBuilder)
   at Microsoft.AspNetCore.Mvc.Testing.WebApplicationFactory`1.StartServer()
   at Microsoft.AspNetCore.Mvc.Testing.WebApplicationFactory`1.CreateDefaultClient(DelegatingHandler[] handlers)
   at Microsoft.AspNetCore.Mvc.Testing.WebApplicationFactory`1.CreateDefaultClient(Uri baseAddress, DelegatingHandler[] handlers)
   at Microsoft.AspNetCore.Mvc.Testing.WebApplicationFactory`1.CreateClient(WebApplicationFactoryClientOptions options)
   at Microsoft.AspNetCore.Mvc.Testing.WebApplicationFactory`1.CreateClient()
   at InvestmentTracker.Api.Tests.AssetsControllerTests..ctor(CustomWebApplicationFactory factory) in D:\repo\2026\investment-tracker\tests\InvestmentTracker.Api.Tests\AssetsControllerTests.cs:line 20
   at InvokeStub_AssetsControllerTests..ctor(Object, Span`1)
   at System.Reflection.MethodBaseInvoker.InvokeWithOneArg(Object obj, BindingFlags invokeAttr, Binder binder, Object[] parameters, CultureInfo culture)
  Con error InvestmentTracker.Api.Tests.PortfolioControllerTests.GetHistory_ReturnsOk [27 ms]
  Mensaje de error:
   System.InvalidOperationException : Unable to find the required services. Please add all the required services by calling 'IServiceCollection.AddAuthorization' in the application startup code.
  Seguimiento de la pila:
     at Microsoft.AspNetCore.Builder.AuthorizationAppBuilderExtensions.VerifyServicesRegistered(IApplicationBuilder app)
   at Microsoft.AspNetCore.Builder.AuthorizationAppBuilderExtensions.UseAuthorization(IApplicationBuilder app)
   at Program.<Main>$(String[] args) in D:\repo\2026\investment-tracker\src\InvestmentTracker.Api\Program.cs:line 43
   at Program.<Main>(String[] args)
   at InvokeStub_Program.<Main>(Object, Span`1)
   at System.Reflection.MethodBaseInvoker.InvokeWithOneArg(Object obj, BindingFlags invokeAttr, Binder binder, Object[] parameters, CultureInfo culture)
--- End of stack trace from previous location ---
   at Microsoft.AspNetCore.Mvc.Testing.DeferredHostBuilder.DeferredHost.StartAsync(CancellationToken cancellationToken)
   at Microsoft.Extensions.Hosting.HostingAbstractionsHostExtensions.Start(IHost host)
   at Microsoft.AspNetCore.Mvc.Testing.WebApplicationFactory`1.CreateHost(IHostBuilder builder)
   at Microsoft.AspNetCore.Mvc.Testing.WebApplicationFactory`1.ConfigureHostBuilder(IHostBuilder hostBuilder)
   at Microsoft.AspNetCore.Mvc.Testing.WebApplicationFactory`1.StartServer()
   at Microsoft.AspNetCore.Mvc.Testing.WebApplicationFactory`1.CreateDefaultClient(DelegatingHandler[] handlers)
   at Microsoft.AspNetCore.Mvc.Testing.WebApplicationFactory`1.CreateDefaultClient(Uri baseAddress, DelegatingHandler[] handlers)
   at Microsoft.AspNetCore.Mvc.Testing.WebApplicationFactory`1.CreateClient(WebApplicationFactoryClientOptions options)
   at Microsoft.AspNetCore.Mvc.Testing.WebApplicationFactory`1.CreateClient()
   at InvestmentTracker.Api.Tests.PortfolioControllerTests..ctor(CustomWebApplicationFactory factory) in D:\repo\2026\investment-tracker\tests\InvestmentTracker.Api.Tests\PortfolioControllerTests.cs:line 24
   at InvokeStub_PortfolioControllerTests..ctor(Object, Span`1)
   at System.Reflection.MethodBaseInvoker.InvokeWithOneArg(Object obj, BindingFlags invokeAttr, Binder binder, Object[] parameters, CultureInfo culture)
  Con error InvestmentTracker.Api.Tests.AssetsControllerTests.Delete_ReturnsNoContent_WhenExists [26 ms]
  Mensaje de error:
   System.InvalidOperationException : Unable to find the required services. Please add all the required services by calling 'IServiceCollection.AddAuthorization' in the application startup code.
  Seguimiento de la pila:
     at Microsoft.AspNetCore.Builder.AuthorizationAppBuilderExtensions.VerifyServicesRegistered(IApplicationBuilder app)
   at Microsoft.AspNetCore.Builder.AuthorizationAppBuilderExtensions.UseAuthorization(IApplicationBuilder app)
   at Program.<Main>$(String[] args) in D:\repo\2026\investment-tracker\src\InvestmentTracker.Api\Program.cs:line 43
   at Program.<Main>(String[] args)
   at InvokeStub_Program.<Main>(Object, Span`1)
   at System.Reflection.MethodBaseInvoker.InvokeWithOneArg(Object obj, BindingFlags invokeAttr, Binder binder, Object[] parameters, CultureInfo culture)
--- End of stack trace from previous location ---
   at Microsoft.AspNetCore.Mvc.Testing.DeferredHostBuilder.DeferredHost.StartAsync(CancellationToken cancellationToken)
   at Microsoft.Extensions.Hosting.HostingAbstractionsHostExtensions.Start(IHost host)
   at Microsoft.AspNetCore.Mvc.Testing.WebApplicationFactory`1.CreateHost(IHostBuilder builder)
   at Microsoft.AspNetCore.Mvc.Testing.WebApplicationFactory`1.ConfigureHostBuilder(IHostBuilder hostBuilder)
   at Microsoft.AspNetCore.Mvc.Testing.WebApplicationFactory`1.StartServer()
   at Microsoft.AspNetCore.Mvc.Testing.WebApplicationFactory`1.CreateDefaultClient(DelegatingHandler[] handlers)
   at Microsoft.AspNetCore.Mvc.Testing.WebApplicationFactory`1.CreateDefaultClient(Uri baseAddress, DelegatingHandler[] handlers)
   at Microsoft.AspNetCore.Mvc.Testing.WebApplicationFactory`1.CreateClient(WebApplicationFactoryClientOptions options)
   at Microsoft.AspNetCore.Mvc.Testing.WebApplicationFactory`1.CreateClient()
   at InvestmentTracker.Api.Tests.AssetsControllerTests..ctor(CustomWebApplicationFactory factory) in D:\repo\2026\investment-tracker\tests\InvestmentTracker.Api.Tests\AssetsControllerTests.cs:line 20
   at InvokeStub_AssetsControllerTests..ctor(Object, Span`1)
   at System.Reflection.MethodBaseInvoker.InvokeWithOneArg(Object obj, BindingFlags invokeAttr, Binder binder, Object[] parameters, CultureInfo culture)
  Con error InvestmentTracker.Api.Tests.AssetsControllerTests.GetAll_ReturnsEmptyList_WhenNoAssets [17 ms]
  Mensaje de error:
   System.InvalidOperationException : Unable to find the required services. Please add all the required services by calling 'IServiceCollection.AddAuthorization' in the application startup code.
  Seguimiento de la pila:
     at Microsoft.AspNetCore.Builder.AuthorizationAppBuilderExtensions.VerifyServicesRegistered(IApplicationBuilder app)
   at Microsoft.AspNetCore.Builder.AuthorizationAppBuilderExtensions.UseAuthorization(IApplicationBuilder app)
   at Program.<Main>$(String[] args) in D:\repo\2026\investment-tracker\src\InvestmentTracker.Api\Program.cs:line 43
   at Program.<Main>(String[] args)
   at InvokeStub_Program.<Main>(Object, Span`1)
   at System.Reflection.MethodBaseInvoker.InvokeWithOneArg(Object obj, BindingFlags invokeAttr, Binder binder, Object[] parameters, CultureInfo culture)
--- End of stack trace from previous location ---
   at Microsoft.AspNetCore.Mvc.Testing.DeferredHostBuilder.DeferredHost.StartAsync(CancellationToken cancellationToken)
   at Microsoft.Extensions.Hosting.HostingAbstractionsHostExtensions.Start(IHost host)
   at Microsoft.AspNetCore.Mvc.Testing.WebApplicationFactory`1.CreateHost(IHostBuilder builder)
   at Microsoft.AspNetCore.Mvc.Testing.WebApplicationFactory`1.ConfigureHostBuilder(IHostBuilder hostBuilder)
   at Microsoft.AspNetCore.Mvc.Testing.WebApplicationFactory`1.StartServer()
   at Microsoft.AspNetCore.Mvc.Testing.WebApplicationFactory`1.CreateDefaultClient(DelegatingHandler[] handlers)
   at Microsoft.AspNetCore.Mvc.Testing.WebApplicationFactory`1.CreateDefaultClient(Uri baseAddress, DelegatingHandler[] handlers)
   at Microsoft.AspNetCore.Mvc.Testing.WebApplicationFactory`1.CreateClient(WebApplicationFactoryClientOptions options)
   at Microsoft.AspNetCore.Mvc.Testing.WebApplicationFactory`1.CreateClient()
   at InvestmentTracker.Api.Tests.AssetsControllerTests..ctor(CustomWebApplicationFactory factory) in D:\repo\2026\investment-tracker\tests\InvestmentTracker.Api.Tests\AssetsControllerTests.cs:line 20
   at InvokeStub_AssetsControllerTests..ctor(Object, Span`1)
   at System.Reflection.MethodBaseInvoker.InvokeWithOneArg(Object obj, BindingFlags invokeAttr, Binder binder, Object[] parameters, CultureInfo culture)
  Con error InvestmentTracker.Api.Tests.PortfolioControllerTests.GetSummary_ReturnsOk_WhenEmpty [30 ms]
  Mensaje de error:
   System.InvalidOperationException : Unable to find the required services. Please add all the required services by calling 'IServiceCollection.AddAuthorization' in the application startup code.
  Seguimiento de la pila:
     at Microsoft.AspNetCore.Builder.AuthorizationAppBuilderExtensions.VerifyServicesRegistered(IApplicationBuilder app)
   at Microsoft.AspNetCore.Builder.AuthorizationAppBuilderExtensions.UseAuthorization(IApplicationBuilder app)
   at Program.<Main>$(String[] args) in D:\repo\2026\investment-tracker\src\InvestmentTracker.Api\Program.cs:line 43
   at Program.<Main>(String[] args)
   at InvokeStub_Program.<Main>(Object, Span`1)
   at System.Reflection.MethodBaseInvoker.InvokeWithOneArg(Object obj, BindingFlags invokeAttr, Binder binder, Object[] parameters, CultureInfo culture)
--- End of stack trace from previous location ---
   at Microsoft.AspNetCore.Mvc.Testing.DeferredHostBuilder.DeferredHost.StartAsync(CancellationToken cancellationToken)
   at Microsoft.Extensions.Hosting.HostingAbstractionsHostExtensions.Start(IHost host)
   at Microsoft.AspNetCore.Mvc.Testing.WebApplicationFactory`1.CreateHost(IHostBuilder builder)
   at Microsoft.AspNetCore.Mvc.Testing.WebApplicationFactory`1.ConfigureHostBuilder(IHostBuilder hostBuilder)
   at Microsoft.AspNetCore.Mvc.Testing.WebApplicationFactory`1.StartServer()
   at Microsoft.AspNetCore.Mvc.Testing.WebApplicationFactory`1.CreateDefaultClient(DelegatingHandler[] handlers)
   at Microsoft.AspNetCore.Mvc.Testing.WebApplicationFactory`1.CreateDefaultClient(Uri baseAddress, DelegatingHandler[] handlers)
   at Microsoft.AspNetCore.Mvc.Testing.WebApplicationFactory`1.CreateClient(WebApplicationFactoryClientOptions options)
   at Microsoft.AspNetCore.Mvc.Testing.WebApplicationFactory`1.CreateClient()
   at InvestmentTracker.Api.Tests.PortfolioControllerTests..ctor(CustomWebApplicationFactory factory) in D:\repo\2026\investment-tracker\tests\InvestmentTracker.Api.Tests\PortfolioControllerTests.cs:line 24
   at InvokeStub_PortfolioControllerTests..ctor(Object, Span`1)
   at System.Reflection.MethodBaseInvoker.InvokeWithOneArg(Object obj, BindingFlags invokeAttr, Binder binder, Object[] parameters, CultureInfo culture)
  Con error InvestmentTracker.Api.Tests.AssetsControllerTests.GetContributions_ReturnsContributions_AfterAdding [17 ms]
  Mensaje de error:
   System.InvalidOperationException : Unable to find the required services. Please add all the required services by calling 'IServiceCollection.AddAuthorization' in the application startup code.
  Seguimiento de la pila:
     at Microsoft.AspNetCore.Builder.AuthorizationAppBuilderExtensions.VerifyServicesRegistered(IApplicationBuilder app)
   at Microsoft.AspNetCore.Builder.AuthorizationAppBuilderExtensions.UseAuthorization(IApplicationBuilder app)
   at Program.<Main>$(String[] args) in D:\repo\2026\investment-tracker\src\InvestmentTracker.Api\Program.cs:line 43
   at Program.<Main>(String[] args)
   at InvokeStub_Program.<Main>(Object, Span`1)
   at System.Reflection.MethodBaseInvoker.InvokeWithOneArg(Object obj, BindingFlags invokeAttr, Binder binder, Object[] parameters, CultureInfo culture)
--- End of stack trace from previous location ---
   at Microsoft.AspNetCore.Mvc.Testing.DeferredHostBuilder.DeferredHost.StartAsync(CancellationToken cancellationToken)
   at Microsoft.Extensions.Hosting.HostingAbstractionsHostExtensions.Start(IHost host)
   at Microsoft.AspNetCore.Mvc.Testing.WebApplicationFactory`1.CreateHost(IHostBuilder builder)
   at Microsoft.AspNetCore.Mvc.Testing.WebApplicationFactory`1.ConfigureHostBuilder(IHostBuilder hostBuilder)
   at Microsoft.AspNetCore.Mvc.Testing.WebApplicationFactory`1.StartServer()
   at Microsoft.AspNetCore.Mvc.Testing.WebApplicationFactory`1.CreateDefaultClient(DelegatingHandler[] handlers)
   at Microsoft.AspNetCore.Mvc.Testing.WebApplicationFactory`1.CreateDefaultClient(Uri baseAddress, DelegatingHandler[] handlers)
   at Microsoft.AspNetCore.Mvc.Testing.WebApplicationFactory`1.CreateClient(WebApplicationFactoryClientOptions options)
   at Microsoft.AspNetCore.Mvc.Testing.WebApplicationFactory`1.CreateClient()
   at InvestmentTracker.Api.Tests.AssetsControllerTests..ctor(CustomWebApplicationFactory factory) in D:\repo\2026\investment-tracker\tests\InvestmentTracker.Api.Tests\AssetsControllerTests.cs:line 20
   at InvokeStub_AssetsControllerTests..ctor(Object, Span`1)
   at System.Reflection.MethodBaseInvoker.InvokeWithOneArg(Object obj, BindingFlags invokeAttr, Binder binder, Object[] parameters, CultureInfo culture)
[xUnit.net 00:00:02.98]     InvestmentTracker.Api.Tests.PortfolioControllerTests.GetAllocation_ReturnsPe
rcentages_WithMultipleAssetTypes [FAIL]
[xUnit.net 00:00:02.98]     
InvestmentTracker.Api.Tests.AssetsControllerTests.AddSnapshot_ReturnsCreated_WithValidSnapshot [FAIL]
[xUnit.net 00:00:02.99]     InvestmentTracker.Api.Tests.PortfolioControllerTests.GetReturns_ReturnsOk 
[FAIL]
[xUnit.net 00:00:03.00]     
InvestmentTracker.Api.Tests.AssetsControllerTests.Update_ReturnsOk_WithValidUpdate [FAIL]
[xUnit.net 00:00:03.02]     
InvestmentTracker.Api.Tests.AssetsControllerTests.GetSnapshots_ReturnsSnapshots_AfterAdding [FAIL]
[xUnit.net 00:00:03.05]     
InvestmentTracker.Api.Tests.AssetsControllerTests.GetById_ReturnsNotFound_WhenDoesNotExist [FAIL]
  Con error InvestmentTracker.Api.Tests.PortfolioControllerTests.GetAllocation_ReturnsPercentages_WithMultipleAssetTypes [15 ms]
  Mensaje de error:
   System.InvalidOperationException : Unable to find the required services. Please add all the required services by calling 'IServiceCollection.AddAuthorization' in the application startup code.
  Seguimiento de la pila:
     at Microsoft.AspNetCore.Builder.AuthorizationAppBuilderExtensions.VerifyServicesRegistered(IApplicationBuilder app)
   at Microsoft.AspNetCore.Builder.AuthorizationAppBuilderExtensions.UseAuthorization(IApplicationBuilder app)
   at Program.<Main>$(String[] args) in D:\repo\2026\investment-tracker\src\InvestmentTracker.Api\Program.cs:line 43
   at Program.<Main>(String[] args)
   at InvokeStub_Program.<Main>(Object, Span`1)
   at System.Reflection.MethodBaseInvoker.InvokeWithOneArg(Object obj, BindingFlags invokeAttr, Binder binder, Object[] parameters, CultureInfo culture)
--- End of stack trace from previous location ---
   at Microsoft.AspNetCore.Mvc.Testing.DeferredHostBuilder.DeferredHost.StartAsync(CancellationToken cancellationToken)
   at Microsoft.Extensions.Hosting.HostingAbstractionsHostExtensions.Start(IHost host)
   at Microsoft.AspNetCore.Mvc.Testing.WebApplicationFactory`1.CreateHost(IHostBuilder builder)
   at Microsoft.AspNetCore.Mvc.Testing.WebApplicationFactory`1.ConfigureHostBuilder(IHostBuilder hostBuilder)
   at Microsoft.AspNetCore.Mvc.Testing.WebApplicationFactory`1.StartServer()
   at Microsoft.AspNetCore.Mvc.Testing.WebApplicationFactory`1.CreateDefaultClient(DelegatingHandler[] handlers)
   at Microsoft.AspNetCore.Mvc.Testing.WebApplicationFactory`1.CreateDefaultClient(Uri baseAddress, DelegatingHandler[] handlers)
   at Microsoft.AspNetCore.Mvc.Testing.WebApplicationFactory`1.CreateClient(WebApplicationFactoryClientOptions options)
   at Microsoft.AspNetCore.Mvc.Testing.WebApplicationFactory`1.CreateClient()
   at InvestmentTracker.Api.Tests.PortfolioControllerTests..ctor(CustomWebApplicationFactory factory) in D:\repo\2026\investment-tracker\tests\InvestmentTracker.Api.Tests\PortfolioControllerTests.cs:line 24
   at InvokeStub_PortfolioControllerTests..ctor(Object, Span`1)
   at System.Reflection.MethodBaseInvoker.InvokeWithOneArg(Object obj, BindingFlags invokeAttr, Binder binder, Object[] parameters, CultureInfo culture)
  Con error InvestmentTracker.Api.Tests.AssetsControllerTests.AddSnapshot_ReturnsCreated_WithValidSnapshot [25 ms]
  Mensaje de error:
   System.InvalidOperationException : Unable to find the required services. Please add all the required services by calling 'IServiceCollection.AddAuthorization' in the application startup code.
  Seguimiento de la pila:
     at Microsoft.AspNetCore.Builder.AuthorizationAppBuilderExtensions.VerifyServicesRegistered(IApplicationBuilder app)
   at Microsoft.AspNetCore.Builder.AuthorizationAppBuilderExtensions.UseAuthorization(IApplicationBuilder app)
   at Program.<Main>$(String[] args) in D:\repo\2026\investment-tracker\src\InvestmentTracker.Api\Program.cs:line 43
   at Program.<Main>(String[] args)
   at InvokeStub_Program.<Main>(Object, Span`1)
   at System.Reflection.MethodBaseInvoker.InvokeWithOneArg(Object obj, BindingFlags invokeAttr, Binder binder, Object[] parameters, CultureInfo culture)
--- End of stack trace from previous location ---
   at Microsoft.AspNetCore.Mvc.Testing.DeferredHostBuilder.DeferredHost.StartAsync(CancellationToken cancellationToken)
   at Microsoft.Extensions.Hosting.HostingAbstractionsHostExtensions.Start(IHost host)
   at Microsoft.AspNetCore.Mvc.Testing.WebApplicationFactory`1.CreateHost(IHostBuilder builder)
   at Microsoft.AspNetCore.Mvc.Testing.WebApplicationFactory`1.ConfigureHostBuilder(IHostBuilder hostBuilder)
   at Microsoft.AspNetCore.Mvc.Testing.WebApplicationFactory`1.StartServer()
   at Microsoft.AspNetCore.Mvc.Testing.WebApplicationFactory`1.CreateDefaultClient(DelegatingHandler[] handlers)
   at Microsoft.AspNetCore.Mvc.Testing.WebApplicationFactory`1.CreateDefaultClient(Uri baseAddress, DelegatingHandler[] handlers)
   at Microsoft.AspNetCore.Mvc.Testing.WebApplicationFactory`1.CreateClient(WebApplicationFactoryClientOptions options)
   at Microsoft.AspNetCore.Mvc.Testing.WebApplicationFactory`1.CreateClient()
   at InvestmentTracker.Api.Tests.AssetsControllerTests..ctor(CustomWebApplicationFactory factory) in D:\repo\2026\investment-tracker\tests\InvestmentTracker.Api.Tests\AssetsControllerTests.cs:line 20
   at InvokeStub_AssetsControllerTests..ctor(Object, Span`1)
   at System.Reflection.MethodBaseInvoker.InvokeWithOneArg(Object obj, BindingFlags invokeAttr, Binder binder, Object[] parameters, CultureInfo culture)
  Con error InvestmentTracker.Api.Tests.PortfolioControllerTests.GetReturns_ReturnsOk [23 ms]
  Mensaje de error:
   System.InvalidOperationException : Unable to find the required services. Please add all the required services by calling 'IServiceCollection.AddAuthorization' in the application startup code.
  Seguimiento de la pila:
     at Microsoft.AspNetCore.Builder.AuthorizationAppBuilderExtensions.VerifyServicesRegistered(IApplicationBuilder app)
   at Microsoft.AspNetCore.Builder.AuthorizationAppBuilderExtensions.UseAuthorization(IApplicationBuilder app)
   at Program.<Main>$(String[] args) in D:\repo\2026\investment-tracker\src\InvestmentTracker.Api\Program.cs:line 43
   at Program.<Main>(String[] args)
   at InvokeStub_Program.<Main>(Object, Span`1)
   at System.Reflection.MethodBaseInvoker.InvokeWithOneArg(Object obj, BindingFlags invokeAttr, Binder binder, Object[] parameters, CultureInfo culture)
--- End of stack trace from previous location ---
   at Microsoft.AspNetCore.Mvc.Testing.DeferredHostBuilder.DeferredHost.StartAsync(CancellationToken cancellationToken)
   at Microsoft.Extensions.Hosting.HostingAbstractionsHostExtensions.Start(IHost host)
   at Microsoft.AspNetCore.Mvc.Testing.WebApplicationFactory`1.CreateHost(IHostBuilder builder)
   at Microsoft.AspNetCore.Mvc.Testing.WebApplicationFactory`1.ConfigureHostBuilder(IHostBuilder hostBuilder)
   at Microsoft.AspNetCore.Mvc.Testing.WebApplicationFactory`1.StartServer()
   at Microsoft.AspNetCore.Mvc.Testing.WebApplicationFactory`1.CreateDefaultClient(DelegatingHandler[] handlers)
   at Microsoft.AspNetCore.Mvc.Testing.WebApplicationFactory`1.CreateDefaultClient(Uri baseAddress, DelegatingHandler[] handlers)
   at Microsoft.AspNetCore.Mvc.Testing.WebApplicationFactory`1.CreateClient(WebApplicationFactoryClientOptions options)
   at Microsoft.AspNetCore.Mvc.Testing.WebApplicationFactory`1.CreateClient()
   at InvestmentTracker.Api.Tests.PortfolioControllerTests..ctor(CustomWebApplicationFactory factory) in D:\repo\2026\investment-tracker\tests\InvestmentTracker.Api.Tests\PortfolioControllerTests.cs:line 24
   at InvokeStub_PortfolioControllerTests..ctor(Object, Span`1)
   at System.Reflection.MethodBaseInvoker.InvokeWithOneArg(Object obj, BindingFlags invokeAttr, Binder binder, Object[] parameters, CultureInfo culture)
  Con error InvestmentTracker.Api.Tests.AssetsControllerTests.Update_ReturnsOk_WithValidUpdate [17 ms]
  Mensaje de error:
   System.InvalidOperationException : Unable to find the required services. Please add all the required services by calling 'IServiceCollection.AddAuthorization' in the application startup code.
  Seguimiento de la pila:
     at Microsoft.AspNetCore.Builder.AuthorizationAppBuilderExtensions.VerifyServicesRegistered(IApplicationBuilder app)
   at Microsoft.AspNetCore.Builder.AuthorizationAppBuilderExtensions.UseAuthorization(IApplicationBuilder app)
   at Program.<Main>$(String[] args) in D:\repo\2026\investment-tracker\src\InvestmentTracker.Api\Program.cs:line 43
   at Program.<Main>(String[] args)
   at InvokeStub_Program.<Main>(Object, Span`1)
   at System.Reflection.MethodBaseInvoker.InvokeWithOneArg(Object obj, BindingFlags invokeAttr, Binder binder, Object[] parameters, CultureInfo culture)
--- End of stack trace from previous location ---
   at Microsoft.AspNetCore.Mvc.Testing.DeferredHostBuilder.DeferredHost.StartAsync(CancellationToken cancellationToken)
   at Microsoft.Extensions.Hosting.HostingAbstractionsHostExtensions.Start(IHost host)
   at Microsoft.AspNetCore.Mvc.Testing.WebApplicationFactory`1.CreateHost(IHostBuilder builder)
   at Microsoft.AspNetCore.Mvc.Testing.WebApplicationFactory`1.ConfigureHostBuilder(IHostBuilder hostBuilder)
   at Microsoft.AspNetCore.Mvc.Testing.WebApplicationFactory`1.StartServer()
   at Microsoft.AspNetCore.Mvc.Testing.WebApplicationFactory`1.CreateDefaultClient(DelegatingHandler[] handlers)
   at Microsoft.AspNetCore.Mvc.Testing.WebApplicationFactory`1.CreateDefaultClient(Uri baseAddress, DelegatingHandler[] handlers)
   at Microsoft.AspNetCore.Mvc.Testing.WebApplicationFactory`1.CreateClient(WebApplicationFactoryClientOptions options)
   at Microsoft.AspNetCore.Mvc.Testing.WebApplicationFactory`1.CreateClient()
   at InvestmentTracker.Api.Tests.AssetsControllerTests..ctor(CustomWebApplicationFactory factory) in D:\repo\2026\investment-tracker\tests\InvestmentTracker.Api.Tests\AssetsControllerTests.cs:line 20
   at InvokeStub_AssetsControllerTests..ctor(Object, Span`1)
   at System.Reflection.MethodBaseInvoker.InvokeWithOneArg(Object obj, BindingFlags invokeAttr, Binder binder, Object[] parameters, CultureInfo culture)
  Con error InvestmentTracker.Api.Tests.AssetsControllerTests.GetSnapshots_ReturnsSnapshots_AfterAdding [15 ms]
  Mensaje de error:
   System.InvalidOperationException : Unable to find the required services. Please add all the required services by calling 'IServiceCollection.AddAuthorization' in the application startup code.
  Seguimiento de la pila:
     at Microsoft.AspNetCore.Builder.AuthorizationAppBuilderExtensions.VerifyServicesRegistered(IApplicationBuilder app)
   at Microsoft.AspNetCore.Builder.AuthorizationAppBuilderExtensions.UseAuthorization(IApplicationBuilder app)
   at Program.<Main>$(String[] args) in D:\repo\2026\investment-tracker\src\InvestmentTracker.Api\Program.cs:line 43
   at Program.<Main>(String[] args)
   at InvokeStub_Program.<Main>(Object, Span`1)
   at System.Reflection.MethodBaseInvoker.InvokeWithOneArg(Object obj, BindingFlags invokeAttr, Binder binder, Object[] parameters, CultureInfo culture)
--- End of stack trace from previous location ---
   at Microsoft.AspNetCore.Mvc.Testing.DeferredHostBuilder.DeferredHost.StartAsync(CancellationToken cancellationToken)
   at Microsoft.Extensions.Hosting.HostingAbstractionsHostExtensions.Start(IHost host)
   at Microsoft.AspNetCore.Mvc.Testing.WebApplicationFactory`1.CreateHost(IHostBuilder builder)
   at Microsoft.AspNetCore.Mvc.Testing.WebApplicationFactory`1.ConfigureHostBuilder(IHostBuilder hostBuilder)
   at Microsoft.AspNetCore.Mvc.Testing.WebApplicationFactory`1.StartServer()
   at Microsoft.AspNetCore.Mvc.Testing.WebApplicationFactory`1.CreateDefaultClient(DelegatingHandler[] handlers)
   at Microsoft.AspNetCore.Mvc.Testing.WebApplicationFactory`1.CreateDefaultClient(Uri baseAddress, DelegatingHandler[] handlers)
   at Microsoft.AspNetCore.Mvc.Testing.WebApplicationFactory`1.CreateClient(WebApplicationFactoryClientOptions options)
   at Microsoft.AspNetCore.Mvc.Testing.WebApplicationFactory`1.CreateClient()
   at InvestmentTracker.Api.Tests.AssetsControllerTests..ctor(CustomWebApplicationFactory factory) in D:\repo\2026\investment-tracker\tests\InvestmentTracker.Api.Tests\AssetsControllerTests.cs:line 20
   at InvokeStub_AssetsControllerTests..ctor(Object, Span`1)
   at System.Reflection.MethodBaseInvoker.InvokeWithOneArg(Object obj, BindingFlags invokeAttr, Binder binder, Object[] parameters, CultureInfo culture)
  Con error InvestmentTracker.Api.Tests.AssetsControllerTests.GetById_ReturnsNotFound_WhenDoesNotExist [24 ms]
  Mensaje de error:
   System.InvalidOperationException : Unable to find the required services. Please add all the required services by calling 'IServiceCollection.AddAuthorization' in the application startup code.
  Seguimiento de la pila:
     at Microsoft.AspNetCore.Builder.AuthorizationAppBuilderExtensions.VerifyServicesRegistered(IApplicationBuilder app)
   at Microsoft.AspNetCore.Builder.AuthorizationAppBuilderExtensions.UseAuthorization(IApplicationBuilder app)
   at Program.<Main>$(String[] args) in D:\repo\2026\investment-tracker\src\InvestmentTracker.Api\Program.cs:line 43
   at Program.<Main>(String[] args)
   at InvokeStub_Program.<Main>(Object, Span`1)
   at System.Reflection.MethodBaseInvoker.InvokeWithOneArg(Object obj, BindingFlags invokeAttr, Binder binder, Object[] parameters, CultureInfo culture)
--- End of stack trace from previous location ---
   at Microsoft.AspNetCore.Mvc.Testing.DeferredHostBuilder.DeferredHost.StartAsync(CancellationToken cancellationToken)
   at Microsoft.Extensions.Hosting.HostingAbstractionsHostExtensions.Start(IHost host)
   at Microsoft.AspNetCore.Mvc.Testing.WebApplicationFactory`1.CreateHost(IHostBuilder builder)
   at Microsoft.AspNetCore.Mvc.Testing.WebApplicationFactory`1.ConfigureHostBuilder(IHostBuilder hostBuilder)
   at Microsoft.AspNetCore.Mvc.Testing.WebApplicationFactory`1.StartServer()
   at Microsoft.AspNetCore.Mvc.Testing.WebApplicationFactory`1.CreateDefaultClient(DelegatingHandler[] handlers)
   at Microsoft.AspNetCore.Mvc.Testing.WebApplicationFactory`1.CreateDefaultClient(Uri baseAddress, DelegatingHandler[] handlers)
   at Microsoft.AspNetCore.Mvc.Testing.WebApplicationFactory`1.CreateClient(WebApplicationFactoryClientOptions options)
   at Microsoft.AspNetCore.Mvc.Testing.WebApplicationFactory`1.CreateClient()
   at InvestmentTracker.Api.Tests.AssetsControllerTests..ctor(CustomWebApplicationFactory factory) in D:\repo\2026\investment-tracker\tests\InvestmentTracker.Api.Tests\AssetsControllerTests.cs:line 20
   at InvokeStub_AssetsControllerTests..ctor(Object, Span`1)
   at System.Reflection.MethodBaseInvoker.InvokeWithOneArg(Object obj, BindingFlags invokeAttr, Binder binder, Object[] parameters, CultureInfo culture)

Con error! - Con error:    23, Superado:     0, Omitido:     0, Total:    23, Duraci├│n: 1 s - InvestmentTracker.Api.Tests.dll (net10.0)
